PS T:\web3> t

> web3@1.0.0 t
> hardhat test

Nothing to compile

Running Solidity tests

  contracts/JobOne/JobOne.t.sol:JobOneTest
    ✔ test_VoteMultipleCandidates()
    ✔ test_Vote()
    ✔ test_RomanIntRoundTrip()
    ✔ test_Roman2Int()
    ✔ test_ReverseString()
    ✔ test_ResetVotesNotOwner()
    ✔ test_ResetVotes()
    ✔ test_MultipleVotes()
    ✔ test_MergeSortedArrays()
    ✔ test_MergeEmptyArrays()
    ✔ test_Int2Roman()
    ✔ test_Constructor()
    ✔ test_CandidateListManagement()
    ✔ test_BinarySearchEmptyArray()
    ✔ test_BinarySearch()

  contracts/JobTwo/Begging.t.sol:BeggingTest
    ✔ test_WithdrawZeroBalance()
    ✔ test_WithdrawByOwner()
    ✔ test_WithdrawByNonOwnerReverts()
    ✔ test_ReceiveReverts()
    ✔ test_MultipleDonations()
    ✔ test_GetDonationNonDonor()
    ✔ test_GetDonation()
    ✔ test_DonationMappingPersistsAfterWithdrawal()
    ✔ test_DonateZeroAmountReverts()
    ✔ test_DonateReturnValue()
    ✔ test_DonateLargeAmount()
    ✔ test_DonateEmitsEvent()
    ✔ test_Donate()
    ✔ test_ContractBalance()
    ✔ test_ConstructorInitialization()
    ✔ test_CompleteFlow()

  contracts/JobTwo/VividNFT.t.sol:VividNFTTest
    ✔ test_UpdateTokenURIOnlyOwner()
    ✔ test_UpdateTokenURINonexistentToken()
    ✔ test_UpdateTokenURIEmptyURI()
    ✔ test_UpdateTokenURIEmitsEvent()
    ✔ test_UpdateTokenURIDuplicateURI()
    ✔ test_UpdateTokenURI()
    ✔ test_TransferPreservesURI()
    ✔ test_TotalSupply()
    ✔ test_SupportsInterface()
    ✔ test_SafeMintOnlyOwner()
    ✔ test_SafeMintMultiple()
    ✔ test_SafeMintEmptyURI()
    ✔ test_SafeMintEmitsEvent()
    ✔ test_SafeMintDuplicateURI()
    ✔ test_SafeMint()
    ✔ test_IsURIUsed()
    ✔ test_GetCurrentTokenId()
    ✔ test_Exists()
    ✔ test_Constructor()
    ✔ test_BurnClearsURI()
    ✔ test_BurnAllowsReuseURI()
    ✔ test_BatchMintTooLarge()
    ✔ test_BatchMintTokenIdSequence()
    ✔ test_BatchMintOnlyOwner()
    ✔ test_BatchMintMaxSize()
    ✔ test_BatchMintEmptyArrays()
    ✔ test_BatchMintEmitsEvents()
    ✔ test_BatchMintDuplicateURI()
    ✔ test_BatchMintArrayLengthMismatch()
    ✔ test_BatchMint()

  contracts/JobTwo/SimpleERC20.t.sol:SimpleERC20Test
    ✔ test_TransferToZeroAddress()
    ✔ test_TransferOwnershipToZero()
    ✔ test_TransferOwnershipNotOwner()
    ✔ test_TransferOwnership()
    ✔ test_TransferInsufficientBalance()
    ✔ test_TransferFromInsufficientAllowance()
    ✔ test_TransferFrom()
    ✔ test_TransferEvent()
    ✔ test_Transfer()
    ✔ test_MintToZeroAddress()
    ✔ test_MintNotOwner()
    ✔ test_MintEvent()
    ✔ test_Mint()
    ✔ test_FuzzTransfer(uint256) (runs: 256)
    ✔ test_ConstructorInitialization()
    ✔ test_CompleteAllowanceFlow()
    ✔ test_BatchTransfers()
    ✔ test_ApproveEvent()
    ✔ test_Approve()